// Vitest Snapshot v1, https://vitest.dev/guide/snapshot.html

exports[`BlogPost > should have the same html output 1`] = `
"<article class="prose prose-lg dark:prose-invert lg:prose-xl" itemtype="https://schema.org/BlogPosting" itemprop="blogPost">
  <h1 itemprop="headline">Title</h1>
  <div class="not-prose">
    <div class="relative flex items-center gap-x-4 mb-8" itemscope="" itemtype="https://schema.org/Person" data-testid="author-information" _path="/authors/author" _dir="authors" _draft="false" _partial="false" _locale="" username="author" _id="content:authors:author.yaml" _type="yaml" title="FirstLastName" _source="content" _file="authors/author.yaml" _stem="authors/author" _extension="yaml">
      <figure itemscope="" itemtype="https://schema.org/ImageObject" itemprop="image">
        <picture>
          <source type="image/avif" sizes="50px" srcset="/_ipx/w_50&amp;f_avif&amp;q_80/JEROEN-4238-SQUARE.jpeg 50w, /_ipx/w_100&amp;f_avif&amp;q_80/JEROEN-4238-SQUARE.jpeg 100w">
          <source type="image/webp" sizes="50px" srcset="/_ipx/w_50&amp;f_webp&amp;q_80/JEROEN-4238-SQUARE.jpeg 50w, /_ipx/w_100&amp;f_webp&amp;q_80/JEROEN-4238-SQUARE.jpeg 100w">
          <source type="image/webp" sizes="50px" srcset="/_ipx/w_50&amp;f_webp&amp;q_80/JEROEN-4238-SQUARE.jpeg 50w, /_ipx/w_100&amp;f_webp&amp;q_80/JEROEN-4238-SQUARE.jpeg 100w"><img alt="First LastName" itemprop="thumbnailUrl" class="h-10 w-10 rounded-full aspect-1/1 bg-slate-200 object-cover" data-nuxt-pic="" src="/_ipx/w_100&amp;f_jpeg&amp;q_80/JEROEN-4238-SQUARE.jpeg" sizes="50px" srcset="/_ipx/w_50&amp;f_jpeg&amp;q_80/JEROEN-4238-SQUARE.jpeg 50w, /_ipx/w_100&amp;f_jpeg&amp;q_80/JEROEN-4238-SQUARE.jpeg 100w">
        </picture>
        <!--v-if-->
        <!--v-if-->
      </figure>
      <div class="text-sm leading-6">
        <p class="font-semibold text-gray-800 dark:text-gray-300"><span itemprop="author" data-testid="author-name">First LastName</span><span> · </span><a href="https://www.linkedin.com/in/author/" rel="noopener noreferrer" class="text-sky-600 hover:text-sky-800 dark:text-sky-500 dark:hover:text-sky-300" itemprop="url" data-testid="author-url">Linkedin</a></p>
        <p class="text-gray-500 dark:text-gray-400"><span itemprop="timeRequired">10 min read</span><span> · </span><time itemprop="datePublished">Nov 5, 2024</time></p>
      </div>
    </div>
    <div class="flex border-y border-gray-200 px-3 py-1 text-xs text-gray-500 dark:text-gray-400">
      <!--v-if-->
      <aside class="ms-auto flex items-center gap-1"><span>Share:</span>
        <div class="sharing-buttons flex flex-wrap"><a class="ease mr-1 inline-flex items-center rounded-full border-2 border-sky-600 bg-sky-600 p-1 text-white transition duration-200 hover:border-sky-700 hover:bg-sky-700" target="_blank" rel="noopener" href="https://twitter.com/intent/tweet?url=https%3A%2F%2Fbach.software%2Fposts%2F1-vue-3_3-generics-and-conditional-properties&amp;amp;text=" aria-label="Share on X"><svg aria-hidden="true" fill="currentColor" xmlns="http://www.w3.org/2000/svg" viewBox="0 0 1200 1227" class="size-3">
              <title>X</title>
              <path d="M714.163 519.284L1160.89 0H1055.03L667.137 450.887L357.328 0H0L468.492 681.821L0 1226.37H105.866L515.491 750.218L842.672 1226.37H1200L714.137 519.284H714.163ZM569.165 687.828L521.697 619.934L144.011 79.6944H306.615L611.412 515.685L658.88 583.579L1055.08 1150.3H892.476L569.165 687.854V687.828Z" fill="white"></path>
              <!--v-if-->
              <!--v-if-->
              <!--v-if-->
            </svg></a><a class="ease mr-1 inline-flex items-center rounded-full border-2 border-sky-600 bg-sky-600 p-1 text-white transition duration-200 hover:border-sky-700 hover:bg-sky-700" target="_blank" rel="noopener" href="https://www.linkedIn.com/shareArticle?mini=true&amp;amp;url=https%3A%2F%2Fbach.software%2Fposts%2F1-vue-3_3-generics-and-conditional-properties&amp;amp;title=Title&amp;amp;summary=Title&amp;amp;source=https%3A%2F%2Fbach.software%2Fposts%2F1-vue-3_3-generics-and-conditional-properties" aria-label="Share on Linkedin"><svg aria-hidden="true" fill="currentColor" xmlns="http://www.w3.org/2000/svg" viewBox="0 0 512 512" class="size-3">
              <title>Linkedin</title>
              <!--v-if-->
              <path d="M136 183v283H42V183h94zm6-88c1 27-20 49-53 49-32 0-52-22-52-49 0-28 21-49 53-49s52 21 52 49zm333 208v163h-94V314c0-38-13-64-47-64-26 0-42 18-49 35-2 6-3 14-3 23v158h-94V183h94v41c12-20 34-48 85-48 62 0 108 41 108 127z"></path>
              <!--v-if-->
              <!--v-if-->
            </svg></a><a class="ease mr-1 inline-flex items-center rounded-full border-2 border-sky-600 bg-sky-600 p-1 text-white transition duration-200 hover:border-sky-700 hover:bg-sky-700" target="_blank" rel="noopener" href="https://wa.me/?text=https%3A%2F%2Fbach.software%2Fposts%2F1-vue-3_3-generics-and-conditional-properties%20Title" aria-label="Share on Whatsapp"><svg aria-hidden="true" fill="currentColor" xmlns="http://www.w3.org/2000/svg" viewBox="0 0 512 512" class="size-3">
              <title>Whatsapp</title>
              <!--v-if-->
              <!--v-if-->
              <path d="M413 97A222 222 0 0 0 64 365L31 480l118-31a224 224 0 0 0 330-195c0-59-25-115-67-157zM256 439c-33 0-66-9-94-26l-7-4-70 18 19-68-4-7a185 185 0 0 1 287-229c34 36 56 82 55 131 1 102-84 185-186 185zm101-138c-5-3-33-17-38-18-5-2-9-3-12 2l-18 22c-3 4-6 4-12 2-32-17-54-30-75-66-6-10 5-10 16-31 2-4 1-7-1-10l-17-41c-4-10-9-9-12-9h-11c-4 0-9 1-15 7-5 5-19 19-19 46s20 54 23 57c2 4 39 60 94 84 36 15 49 17 67 14 11-2 33-14 37-27s5-24 4-26c-2-2-5-4-11-6z"></path>
              <!--v-if-->
            </svg></a><a class="ease mr-1 inline-flex items-center rounded-full border-2 border-sky-600 bg-sky-600 p-1 text-white transition duration-200 hover:border-sky-700 hover:bg-sky-700" target="_blank" rel="noopener" href="mailto:?subject=Title&amp;amp;body=https%3A%2F%2Fbach.software%2Fposts%2F1-vue-3_3-generics-and-conditional-properties" aria-label="Share on Email"><svg aria-hidden="true" fill="currentColor" xmlns="http://www.w3.org/2000/svg" viewBox="0 0 512 512" class="size-3">
              <title>Email</title>
              <!--v-if-->
              <!--v-if-->
              <!--v-if-->
              <path d="M464 64a48 48 0 0 1 29 86L275 314c-11 8-27 8-38 0L19 150a48 48 0 0 1 29-86h416zM218 339c22 17 54 17 76 0l218-163v208c0 35-29 64-64 64H64c-35 0-64-29-64-64V176l218 163z"></path>
            </svg></a></div>
      </aside>
    </div>
  </div>
  <!---->
</article>"
`;
