// Vitest Snapshot v1, https://vitest.dev/guide/snapshot.html

exports[`responsiveImage > should have the same html output 1`] = `
"<figure itemscope="" itemtype="https://schema.org/ImageObject" itemprop="image" class="w-full">
  <picture>
    <source type="image/avif" sizes="(max-width: 640px) 320px, (max-width: 768px) 640px, (max-width: 1024px) 768px, (max-width: 1280px) 1024px, (max-width: 1536px) 1280px, 1536px" srcset="/_ipx/w_320&amp;f_avif&amp;q_80/JEROEN-4238-HD.jpeg 320w, /_ipx/w_640&amp;f_avif&amp;q_80/JEROEN-4238-HD.jpeg 640w, /_ipx/w_768&amp;f_avif&amp;q_80/JEROEN-4238-HD.jpeg 768w, /_ipx/w_1024&amp;f_avif&amp;q_80/JEROEN-4238-HD.jpeg 1024w, /_ipx/w_1280&amp;f_avif&amp;q_80/JEROEN-4238-HD.jpeg 1280w, /_ipx/w_1536&amp;f_avif&amp;q_80/JEROEN-4238-HD.jpeg 1536w, /_ipx/w_2048&amp;f_avif&amp;q_80/JEROEN-4238-HD.jpeg 2048w, /_ipx/w_2560&amp;f_avif&amp;q_80/JEROEN-4238-HD.jpeg 2560w, /_ipx/w_3072&amp;f_avif&amp;q_80/JEROEN-4238-HD.jpeg 3072w">
    <source type="image/webp" sizes="(max-width: 640px) 320px, (max-width: 768px) 640px, (max-width: 1024px) 768px, (max-width: 1280px) 1024px, (max-width: 1536px) 1280px, 1536px" srcset="/_ipx/w_320&amp;f_webp&amp;q_80/JEROEN-4238-HD.jpeg 320w, /_ipx/w_640&amp;f_webp&amp;q_80/JEROEN-4238-HD.jpeg 640w, /_ipx/w_768&amp;f_webp&amp;q_80/JEROEN-4238-HD.jpeg 768w, /_ipx/w_1024&amp;f_webp&amp;q_80/JEROEN-4238-HD.jpeg 1024w, /_ipx/w_1280&amp;f_webp&amp;q_80/JEROEN-4238-HD.jpeg 1280w, /_ipx/w_1536&amp;f_webp&amp;q_80/JEROEN-4238-HD.jpeg 1536w, /_ipx/w_2048&amp;f_webp&amp;q_80/JEROEN-4238-HD.jpeg 2048w, /_ipx/w_2560&amp;f_webp&amp;q_80/JEROEN-4238-HD.jpeg 2560w, /_ipx/w_3072&amp;f_webp&amp;q_80/JEROEN-4238-HD.jpeg 3072w">
    <source type="image/jpg" sizes="(max-width: 640px) 320px, (max-width: 768px) 640px, (max-width: 1024px) 768px, (max-width: 1280px) 1024px, (max-width: 1536px) 1280px, 1536px" srcset="/_ipx/w_320&amp;f_jpg&amp;q_80/JEROEN-4238-HD.jpeg 320w, /_ipx/w_640&amp;f_jpg&amp;q_80/JEROEN-4238-HD.jpeg 640w, /_ipx/w_768&amp;f_jpg&amp;q_80/JEROEN-4238-HD.jpeg 768w, /_ipx/w_1024&amp;f_jpg&amp;q_80/JEROEN-4238-HD.jpeg 1024w, /_ipx/w_1280&amp;f_jpg&amp;q_80/JEROEN-4238-HD.jpeg 1280w, /_ipx/w_1536&amp;f_jpg&amp;q_80/JEROEN-4238-HD.jpeg 1536w, /_ipx/w_2048&amp;f_jpg&amp;q_80/JEROEN-4238-HD.jpeg 2048w, /_ipx/w_2560&amp;f_jpg&amp;q_80/JEROEN-4238-HD.jpeg 2560w, /_ipx/w_3072&amp;f_jpg&amp;q_80/JEROEN-4238-HD.jpeg 3072w">
    <source type="image/webp" sizes="(max-width: 640px) 320px, (max-width: 768px) 640px, (max-width: 1024px) 768px, (max-width: 1280px) 1024px, (max-width: 1536px) 1280px, 1536px" srcset="/_ipx/w_320&amp;f_webp&amp;q_80/JEROEN-4238-HD.jpeg 320w, /_ipx/w_640&amp;f_webp&amp;q_80/JEROEN-4238-HD.jpeg 640w, /_ipx/w_768&amp;f_webp&amp;q_80/JEROEN-4238-HD.jpeg 768w, /_ipx/w_1024&amp;f_webp&amp;q_80/JEROEN-4238-HD.jpeg 1024w, /_ipx/w_1280&amp;f_webp&amp;q_80/JEROEN-4238-HD.jpeg 1280w, /_ipx/w_1536&amp;f_webp&amp;q_80/JEROEN-4238-HD.jpeg 1536w, /_ipx/w_2048&amp;f_webp&amp;q_80/JEROEN-4238-HD.jpeg 2048w, /_ipx/w_2560&amp;f_webp&amp;q_80/JEROEN-4238-HD.jpeg 2560w, /_ipx/w_3072&amp;f_webp&amp;q_80/JEROEN-4238-HD.jpeg 3072w"><img alt="alt text" itemprop="thumbnailUrl" aria-describedby="v-0_figcaption" class="w-full aspect-1/1 bg-slate-50 dark:bg-slate-900 object-cover" data-nuxt-pic="" src="/_ipx/w_3072&amp;f_jpeg&amp;q_80/JEROEN-4238-HD.jpeg" sizes="(max-width: 640px) 320px, (max-width: 768px) 640px, (max-width: 1024px) 768px, (max-width: 1280px) 1024px, (max-width: 1536px) 1280px, 1536px" srcset="/_ipx/w_320&amp;f_jpeg&amp;q_80/JEROEN-4238-HD.jpeg 320w, /_ipx/w_640&amp;f_jpeg&amp;q_80/JEROEN-4238-HD.jpeg 640w, /_ipx/w_768&amp;f_jpeg&amp;q_80/JEROEN-4238-HD.jpeg 768w, /_ipx/w_1024&amp;f_jpeg&amp;q_80/JEROEN-4238-HD.jpeg 1024w, /_ipx/w_1280&amp;f_jpeg&amp;q_80/JEROEN-4238-HD.jpeg 1280w, /_ipx/w_1536&amp;f_jpeg&amp;q_80/JEROEN-4238-HD.jpeg 1536w, /_ipx/w_2048&amp;f_jpeg&amp;q_80/JEROEN-4238-HD.jpeg 2048w, /_ipx/w_2560&amp;f_jpeg&amp;q_80/JEROEN-4238-HD.jpeg 2560w, /_ipx/w_3072&amp;f_jpeg&amp;q_80/JEROEN-4238-HD.jpeg 3072w">
  </picture>
  <!--v-if-->
  <figcaption id="v-0_figcaption">Figure caption</figcaption>
</figure>"
`;
